[2026-08-14-15:29:55.029] [INFO] [AscendProfiler_ProfilingParser:97] Profiler logger initialized at: /tmp/pypto_qwen3_tp2_profiles/rank0_torch/6c42b4b8ccc347b39c28d0410ff20ed7_1828477_20260814152952803_ascend_pt/logs/profiler_20260814152955_1832528_ProfilingParser.log
[2026-08-14-15:29:55.070] [INFO] [AscendProfiler_ProfilingParser:100] TorchOpParser start.
[2026-08-14-15:29:55.071] [INFO] [AscendProfiler_ProfilingParser:82] TaskQueueParser start.
[2026-08-14-15:29:55.102] [INFO] [AscendProfiler_ProfilingParser:208] CANNTimelineParser start.
[2026-08-14-15:29:55.105] [INFO] [AscendProfiler_ProfilingParser:88] TaskQueueParser finish.
[2026-08-14-15:29:55.108] [INFO] [AscendProfiler_ProfilingParser:106] TorchOpParser finish.
[2026-08-14-15:29:55.138] [INFO] [AscendProfiler_ProfilingParser:62] TreeBuildParser start.
[2026-08-14-15:29:55.139] [INFO] [AscendProfiler_ProfilingParser:118] DbPreParser start.
[2026-08-14-15:29:55.143] [INFO] [AscendProfiler_ProfilingParser:70] TreeBuildParser finish.
[2026-08-14-15:29:55.151] [INFO] [AscendProfiler_ProfilingParser:62] MemoryPrepareParser start.
[2026-08-14-15:29:55.159] [INFO] [AscendProfiler_ProfilingParser:75] MemoryPrepareParser finish.
[2026-08-14-15:29:55.237] [INFO] [AscendProfiler_ProfilingParser:129] DbPreParser finish.
[2026-08-14-15:29:56.414] [INFO] [AscendProfiler_ProfilingParser:218] CANNTimelineParser finish.
[2026-08-14-15:29:56.445] [INFO] [AscendProfiler_ProfilingParser:31] RelationParser start.
[2026-08-14-15:29:56.611] [INFO] [AscendProfiler_ProfilingParser:38] RelationParser finish.
[2026-08-14-15:29:57.517] [INFO] [AscendProfiler_ProfilingParser:40] DbParser start.
[2026-08-14-15:29:57.547] [INFO] [AscendProfiler_ProfilingParser:27] BasicDbParser start.
[2026-08-14-15:29:57.559] [INFO] [AscendProfiler_ProfilingParser:40] BasicDbParser finish.
[2026-08-14-15:29:57.560] [INFO] [AscendProfiler_ProfilingParser:31] FwkApiDbParser start.
[2026-08-14-15:29:57.560] [INFO] [AscendProfiler_ProfilingParser:36] FwkApiDbParser get fwk api data finish.
[2026-08-14-15:29:57.562] [INFO] [AscendProfiler_ProfilingParser:38] FwkApiDbParser get api data for db finish.
[2026-08-14-15:29:57.614] [INFO] [AscendProfiler_ProfilingParser:40] FwkApiDbParser save api data to db finish.
[2026-08-14-15:29:57.614] [INFO] [AscendProfiler_ProfilingParser:44] FwkApiDbParser finish.
[2026-08-14-15:29:57.614] [INFO] [AscendProfiler_ProfilingParser:82] MemoryDbParser start.
[2026-08-14-15:29:57.615] [INFO] [AscendProfiler_ProfilingParser:95] MemoryDbParser finish.
[2026-08-14-15:29:57.615] [INFO] [AscendProfiler_ProfilingParser:33] GCRecordDbParser start.
[2026-08-14-15:29:57.615] [INFO] [AscendProfiler_ProfilingParser:41] GCRecordDbParser finish.
[2026-08-14-15:29:57.615] [INFO] [AscendProfiler_ProfilingParser:36] StepInfoDbParser start.
[2026-08-14-15:29:57.621] [INFO] [AscendProfiler_ProfilingParser:43] StepInfoDbParser finish.
[2026-08-14-15:29:57.621] [INFO] [AscendProfiler_ProfilingParser:80] CommunicationDbParser start.
[2026-08-14-15:29:57.622] [INFO] [AscendProfiler_ProfilingParser:88] CommunicationDbParser finish.
[2026-08-14-15:29:57.622] [INFO] [AscendProfiler_ProfilingParser:74] TraceStepTimeDbParser start.
[2026-08-14-15:29:57.627] [INFO] [AscendProfiler_ProfilingParser:83] TraceStepTimeDbParser finish.
[2026-08-14-15:29:57.627] [INFO] [AscendProfiler_ProfilingParser:64] DbParser finish.
[2026-08-14-15:29:58.129] [INFO] [AscendProfiler_ProfilingParser:473] ============================================================
[2026-08-14-15:29:58.129] [INFO] [AscendProfiler_ProfilingParser:474] Task execution completed
[2026-08-14-15:29:58.129] [INFO] [AscendProfiler_ProfilingParser:475] ============================================================
[2026-08-14-15:29:58.129] [INFO] [AscendProfiler_ProfilingParser:478] torch_op                  | PTHREAD         | Succeed    | 0.039s | deps: None
[2026-08-14-15:29:58.129] [INFO] [AscendProfiler_ProfilingParser:478] task_queue                | PTHREAD         | Succeed    | 0.038s | deps: None
[2026-08-14-15:29:58.129] [INFO] [AscendProfiler_ProfilingParser:478] trace_prepare             | SUB_PROCESS     | Succeed    | 0.169s | deps: torch_op, task_queue
[2026-08-14-15:29:58.129] [INFO] [AscendProfiler_ProfilingParser:478] build_tree                | PTHREAD         | Succeed    | 0.013s | deps: torch_op, task_queue
[2026-08-14-15:29:58.129] [INFO] [AscendProfiler_ProfilingParser:478] export                    | SUB_PROCESS     | Succeed    | 2.055s | deps: None
[2026-08-14-15:29:58.129] [INFO] [AscendProfiler_ProfilingParser:478] timeline                  | PTHREAD|NON_BLOCKING | Succeed    | 1.314s | deps: None
[2026-08-14-15:29:58.129] [INFO] [AscendProfiler_ProfilingParser:478] relation                  | PTHREAD         | Succeed    | 0.167s | deps: task_queue, timeline
[2026-08-14-15:29:58.129] [INFO] [AscendProfiler_ProfilingParser:478] memory_prepare            | PTHREAD         | Succeed    | 0.033s | deps: build_tree, task_queue, torch_op
[2026-08-14-15:29:58.129] [INFO] [AscendProfiler_ProfilingParser:478] analyze                   | SUB_PROCESS     | Succeed    | 1.102s | deps: timeline
[2026-08-14-15:29:58.129] [INFO] [AscendProfiler_ProfilingParser:478] operator                  | SUB_PROCESS     | Succeed    | 0.045s | deps: build_tree, timeline, relation, torch_op
[2026-08-14-15:29:58.129] [INFO] [AscendProfiler_ProfilingParser:478] trace                     | SUB_PROCESS     | Succeed    | 0.163s | deps: build_tree, trace_prepare, timeline, task_queue, torch_op
[2026-08-14-15:29:58.129] [INFO] [AscendProfiler_ProfilingParser:478] kernel                    | SUB_PROCESS     | Succeed    | 0.038s | deps: build_tree, export, relation
[2026-08-14-15:29:58.129] [INFO] [AscendProfiler_ProfilingParser:478] step_time                 | SUB_PROCESS     | Succeed    | 0.059s | deps: build_tree, timeline, relation, torch_op
[2026-08-14-15:29:58.129] [INFO] [AscendProfiler_ProfilingParser:478] memory                    | SUB_PROCESS     | Succeed    | 0.060s | deps: export, memory_prepare
[2026-08-14-15:29:58.129] [INFO] [AscendProfiler_ProfilingParser:478] integrate                 | SUB_PROCESS     | Succeed    | 0.089s | deps: export
[2026-08-14-15:29:58.129] [INFO] [AscendProfiler_ProfilingParser:478] communication             | SUB_PROCESS     | Succeed    | 0.036s | deps: build_tree, analyze, relation
[2026-08-14-15:29:58.129] [INFO] [AscendProfiler_ProfilingParser:478] db_prepare                | PTHREAD         | Succeed    | 0.099s | deps: torch_op, task_queue
[2026-08-14-15:29:58.129] [INFO] [AscendProfiler_ProfilingParser:478] torch_db                  | PTHREAD         | Succeed    | 0.111s | deps: export, memory_prepare, build_tree, analyze, db_prepare
